// Jest Snapshot v1, https://goo.gl/fbAQLP

exports[`should render correctly with no props 1`] = `
<Fragment>
  <div
    className="makeStyles-root-5"
  >
    <WithStyles(CssBaseline) />
    <Header />
    <main
      className="makeStyles-content-7"
    >
      <div
        className="makeStyles-appBarSpacer-6"
      />
      <WithStyles(ForwardRef(Container))
        className="makeStyles-container-8"
        container={true}
        maxWidth="auto"
      >
        <Upload />
      </WithStyles(ForwardRef(Container))>
    </main>
  </div>
  <Footer
    description="Something here to give the footer a purpose!"
    title="Footer"
  />
</Fragment>
`;
